{"sessionId":"1044d3","hypothesisId":"A","location":"main.dart","message":"main_entry","data":{"ts":1772464435757},"timestamp":1772464435757}
{"sessionId":"1044d3","hypothesisId":"A","location":"main.dart","message":"before_windowManager_ensureInitialized","data":{},"timestamp":1772464435831}
{"sessionId":"1044d3","hypothesisId":"A","location":"main.dart","message":"after_windowManager_ensureInitialized","data":{},"timestamp":1772464435851}
{"sessionId":"1044d3","hypothesisId":"A","location":"main.dart","message":"before_waitUntilReadyToShow","data":{},"timestamp":1772464435853}
{"sessionId":"1044d3","hypothesisId":"A","location":"main.dart","message":"waitUntilReadyToShow_done","data":{},"timestamp":1772464436437}
{"sessionId":"1044d3","hypothesisId":"A","location":"main.dart","message":"before_runApp","data":{},"timestamp":1772464436440}
{"sessionId":"1044d3","hypothesisId":"A","location":"main.dart","message":"after_runApp","data":{},"timestamp":1772464436455}
{"sessionId":"1044d3","hypothesisId":"D","location":"main.dart","message":"MyApp_build_first_frame","data":{},"timestamp":1772464436770}
{"sessionId":"1044d3","hypothesisId":"C","location":"main.dart","message":"AuthGate_build","data":{"state":"data","userNull":true},"timestamp":1772464436944}
{"sessionId":"1044d3","hypothesisId":"A","location":"main.dart","message":"main_entry","data":{"ts":1772464458027},"timestamp":1772464458027}
{"sessionId":"1044d3","hypothesisId":"A","location":"main.dart","message":"before_windowManager_ensureInitialized","data":{},"timestamp":1772464458094}
{"sessionId":"1044d3","hypothesisId":"A","location":"main.dart","message":"after_windowManager_ensureInitialized","data":{},"timestamp":1772464458110}
{"sessionId":"1044d3","hypothesisId":"A","location":"main.dart","message":"before_waitUntilReadyToShow","data":{},"timestamp":1772464458113}
{"sessionId":"1044d3","hypothesisId":"A","location":"main.dart","message":"waitUntilReadyToShow_done","data":{},"timestamp":1772464458892}
{"sessionId":"1044d3","hypothesisId":"A","location":"main.dart","message":"before_runApp","data":{},"timestamp":1772464458894}
{"sessionId":"1044d3","hypothesisId":"A","location":"main.dart","message":"after_runApp","data":{},"timestamp":1772464458907}
{"sessionId":"1044d3","hypothesisId":"D","location":"main.dart","message":"MyApp_build_first_frame","data":{},"timestamp":1772464459238}
{"sessionId":"1044d3","hypothesisId":"C","location":"main.dart","message":"AuthGate_build","data":{"state":"data","userNull":true},"timestamp":1772464459436}
{"sessionId":"1044d3","hypothesisId":"C","location":"main.dart","message":"AuthGate_build","data":{"state":"data","userNull":false},"timestamp":1772464466904}
{"sessionId":"1044d3","hypothesisId":"E","location":"home_screen.dart","message":"HomeScreen_initState","data":{"isWindows":true},"timestamp":1772464466909}
{"sessionId":"1044d3","hypothesisId":"E","location":"home_screen.dart","message":"_initCamera_start","data":{},"timestamp":1772464466920}
{"sessionId":"1044d3","hypothesisId":"E","location":"home_screen.dart","message":"_initCamera_success","data":{},"timestamp":1772464467627}
